Archive member included to satisfy reference by file (symbol)

d:/systemworkbench/plugins/fr.ac6.mcu.externaltools.arm-none.win32_1.17.0.201812190825/tools/compiler/bin/../lib/gcc/arm-none-eabi/7.3.1/thumb/v6-m\libgcc.a(_udivsi3.o)
                              Drivers/STM32L0xx_HAL_Driver/Src/stm32l0xx_hal.o (__aeabi_uidiv)
d:/systemworkbench/plugins/fr.ac6.mcu.externaltools.arm-none.win32_1.17.0.201812190825/tools/compiler/bin/../lib/gcc/arm-none-eabi/7.3.1/thumb/v6-m\libgcc.a(_divsi3.o)
                              Src/main.o (__aeabi_idiv)
d:/systemworkbench/plugins/fr.ac6.mcu.externaltools.arm-none.win32_1.17.0.201812190825/tools/compiler/bin/../lib/gcc/arm-none-eabi/7.3.1/thumb/v6-m\libgcc.a(_dvmd_tls.o)
                              d:/systemworkbench/plugins/fr.ac6.mcu.externaltools.arm-none.win32_1.17.0.201812190825/tools/compiler/bin/../lib/gcc/arm-none-eabi/7.3.1/thumb/v6-m\libgcc.a(_udivsi3.o) (__aeabi_idiv0)
d:/systemworkbench/plugins/fr.ac6.mcu.externaltools.arm-none.win32_1.17.0.201812190825/tools/compiler/bin/../lib/gcc/arm-none-eabi/7.3.1/../../../../arm-none-eabi/lib/thumb/v6-m\libc_nano.a(lib_a-errno.o)
                              Src/syscalls.o (__errno)
d:/systemworkbench/plugins/fr.ac6.mcu.externaltools.arm-none.win32_1.17.0.201812190825/tools/compiler/bin/../lib/gcc/arm-none-eabi/7.3.1/../../../../arm-none-eabi/lib/thumb/v6-m\libc_nano.a(lib_a-exit.o)
                              d:/systemworkbench/plugins/fr.ac6.mcu.externaltools.arm-none.win32_1.17.0.201812190825/tools/compiler/bin/../lib/gcc/arm-none-eabi/7.3.1/../../../../arm-none-eabi/lib/thumb/v6-m/crt0.o (exit)
d:/systemworkbench/plugins/fr.ac6.mcu.externaltools.arm-none.win32_1.17.0.201812190825/tools/compiler/bin/../lib/gcc/arm-none-eabi/7.3.1/../../../../arm-none-eabi/lib/thumb/v6-m\libc_nano.a(lib_a-impure.o)
                              d:/systemworkbench/plugins/fr.ac6.mcu.externaltools.arm-none.win32_1.17.0.201812190825/tools/compiler/bin/../lib/gcc/arm-none-eabi/7.3.1/../../../../arm-none-eabi/lib/thumb/v6-m\libc_nano.a(lib_a-exit.o) (_global_impure_ptr)
d:/systemworkbench/plugins/fr.ac6.mcu.externaltools.arm-none.win32_1.17.0.201812190825/tools/compiler/bin/../lib/gcc/arm-none-eabi/7.3.1/../../../../arm-none-eabi/lib/thumb/v6-m\libc_nano.a(lib_a-init.o)
                              d:/systemworkbench/plugins/fr.ac6.mcu.externaltools.arm-none.win32_1.17.0.201812190825/tools/compiler/bin/../lib/gcc/arm-none-eabi/7.3.1/../../../../arm-none-eabi/lib/thumb/v6-m/crt0.o (__libc_init_array)
d:/systemworkbench/plugins/fr.ac6.mcu.externaltools.arm-none.win32_1.17.0.201812190825/tools/compiler/bin/../lib/gcc/arm-none-eabi/7.3.1/../../../../arm-none-eabi/lib/thumb/v6-m\libc_nano.a(lib_a-memset.o)
                              d:/systemworkbench/plugins/fr.ac6.mcu.externaltools.arm-none.win32_1.17.0.201812190825/tools/compiler/bin/../lib/gcc/arm-none-eabi/7.3.1/../../../../arm-none-eabi/lib/thumb/v6-m/crt0.o (memset)

Allocating common symbols
Common symbol       size              file

uwTick              0x4               Drivers/STM32L0xx_HAL_Driver/Src/stm32l0xx_hal.o
pFlash              0x18              Drivers/STM32L0xx_HAL_Driver/Src/stm32l0xx_hal_flash.o

Discarded input sections

 .text          0x00000000        0x0 d:/systemworkbench/plugins/fr.ac6.mcu.externaltools.arm-none.win32_1.17.0.201812190825/tools/compiler/bin/../lib/gcc/arm-none-eabi/7.3.1/thumb/v6-m/crti.o
 .data          0x00000000        0x0 d:/systemworkbench/plugins/fr.ac6.mcu.externaltools.arm-none.win32_1.17.0.201812190825/tools/compiler/bin/../lib/gcc/arm-none-eabi/7.3.1/thumb/v6-m/crti.o
 .bss           0x00000000        0x0 d:/systemworkbench/plugins/fr.ac6.mcu.externaltools.arm-none.win32_1.17.0.201812190825/tools/compiler/bin/../lib/gcc/arm-none-eabi/7.3.1/thumb/v6-m/crti.o
 .data          0x00000000        0x4 d:/systemworkbench/plugins/fr.ac6.mcu.externaltools.arm-none.win32_1.17.0.201812190825/tools/compiler/bin/../lib/gcc/arm-none-eabi/7.3.1/thumb/v6-m/crtbegin.o
 .text          0x00000000       0x78 d:/systemworkbench/plugins/fr.ac6.mcu.externaltools.arm-none.win32_1.17.0.201812190825/tools/compiler/bin/../lib/gcc/arm-none-eabi/7.3.1/../../../../arm-none-eabi/lib/thumb/v6-m/crt0.o
 .data          0x00000000        0x0 d:/systemworkbench/plugins/fr.ac6.mcu.externaltools.arm-none.win32_1.17.0.201812190825/tools/compiler/bin/../lib/gcc/arm-none-eabi/7.3.1/../../../../arm-none-eabi/lib/thumb/v6-m/crt0.o
 .bss           0x00000000        0x0 d:/systemworkbench/plugins/fr.ac6.mcu.externaltools.arm-none.win32_1.17.0.201812190825/tools/compiler/bin/../lib/gcc/arm-none-eabi/7.3.1/../../../../arm-none-eabi/lib/thumb/v6-m/crt0.o
 .ARM.extab     0x00000000        0x0 d:/systemworkbench/plugins/fr.ac6.mcu.externaltools.arm-none.win32_1.17.0.201812190825/tools/compiler/bin/../lib/gcc/arm-none-eabi/7.3.1/../../../../arm-none-eabi/lib/thumb/v6-m/crt0.o
[...]
Memory Configuration

Name             Origin             Length             Attributes
RAM              0x20000000         0x00002000         xrw
FLASH            0x08000000         0x00010000         xr
*default*        0x00000000         0xffffffff

Linker script and memory map

LOAD d:/systemworkbench/plugins/fr.ac6.mcu.externaltools.arm-none.win32_1.17.0.201812190825/tools/compiler/bin/../lib/gcc/arm-none-eabi/7.3.1/thumb/v6-m/crti.o
LOAD d:/systemworkbench/plugins/fr.ac6.mcu.externaltools.arm-none.win32_1.17.0.201812190825/tools/compiler/bin/../lib/gcc/arm-none-eabi/7.3.1/thumb/v6-m/crtbegin.o
LOAD d:/systemworkbench/plugins/fr.ac6.mcu.externaltools.arm-none.win32_1.17.0.201812190825/tools/compiler/bin/../lib/gcc/arm-none-eabi/7.3.1/../../../../arm-none-eabi/lib/thumb/v6-m/crt0.o
LOAD Drivers/STM32L0xx_HAL_Driver/Src/stm32l0xx_hal.o
LOAD Drivers/STM32L0xx_HAL_Driver/Src/stm32l0xx_hal_cortex.o
LOAD Drivers/STM32L0xx_HAL_Driver/Src/stm32l0xx_hal_dma.o
LOAD Drivers/STM32L0xx_HAL_Driver/Src/stm32l0xx_hal_flash.o
LOAD Drivers/STM32L0xx_HAL_Driver/Src/stm32l0xx_hal_flash_ex.o
LOAD Drivers/STM32L0xx_HAL_Driver/Src/stm32l0xx_hal_flash_ramfunc.o
LOAD Drivers/STM32L0xx_HAL_Driver/Src/stm32l0xx_hal_gpio.o
LOAD Drivers/STM32L0xx_HAL_Driver/Src/stm32l0xx_hal_i2c.o
LOAD Drivers/STM32L0xx_HAL_Driver/Src/stm32l0xx_hal_i2c_ex.o
LOAD Drivers/STM32L0xx_HAL_Driver/Src/stm32l0xx_hal_pcd.o
LOAD Drivers/STM32L0xx_HAL_Driver/Src/stm32l0xx_hal_pcd_ex.o
LOAD Drivers/STM32L0xx_HAL_Driver/Src/stm32l0xx_hal_pwr.o
LOAD Drivers/STM32L0xx_HAL_Driver/Src/stm32l0xx_hal_pwr_ex.o
LOAD Drivers/STM32L0xx_HAL_Driver/Src/stm32l0xx_hal_rcc.o
LOAD Drivers/STM32L0xx_HAL_Driver/Src/stm32l0xx_hal_rcc_ex.o
LOAD Drivers/STM32L0xx_HAL_Driver/Src/stm32l0xx_hal_tim.o
LOAD Drivers/STM32L0xx_HAL_Driver/Src/stm32l0xx_hal_tim_ex.o
LOAD Drivers/STM32L0xx_HAL_Driver/Src/stm32l0xx_hal_tsc.o
LOAD Drivers/STM32L0xx_HAL_Driver/Src/stm32l0xx_ll_adc.o
LOAD Drivers/STM32L0xx_HAL_Driver/Src/stm32l0xx_ll_dma.o
LOAD Drivers/STM32L0xx_HAL_Driver/Src/stm32l0xx_ll_exti.o
LOAD Drivers/STM32L0xx_HAL_Driver/Src/stm32l0xx_ll_gpio.o
LOAD Drivers/STM32L0xx_HAL_Driver/Src/stm32l0xx_ll_i2c.o
LOAD Drivers/STM32L0xx_HAL_Driver/Src/stm32l0xx_ll_rcc.o
LOAD Drivers/STM32L0xx_HAL_Driver/Src/stm32l0xx_ll_spi.o
LOAD Drivers/STM32L0xx_HAL_Driver/Src/stm32l0xx_ll_tim.o
LOAD Drivers/STM32L0xx_HAL_Driver/Src/stm32l0xx_ll_usart.o
LOAD Drivers/STM32L0xx_HAL_Driver/Src/stm32l0xx_ll_usb.o
LOAD Drivers/STM32L0xx_HAL_Driver/Src/stm32l0xx_ll_utils.o
LOAD Src/main.o
LOAD Src/nano_wait.o
LOAD Src/stm32l0xx_hal_msp.o
LOAD Src/stm32l0xx_it.o
LOAD Src/syscalls.o
LOAD Src/system_stm32l0xx.o
LOAD startup/startup_stm32l053xx.o
LOAD d:/systemworkbench/plugins/fr.ac6.mcu.externaltools.arm-none.win32_1.17.0.201812190825/tools/compiler/bin/../lib/gcc/arm-none-eabi/7.3.1/../../../../arm-none-eabi/lib/thumb/v6-m\libm.a
START GROUP
LOAD d:/systemworkbench/plugins/fr.ac6.mcu.externaltools.arm-none.win32_1.17.0.201812190825/tools/compiler/bin/../lib/gcc/arm-none-eabi/7.3.1/thumb/v6-m\libgcc.a
LOAD d:/systemworkbench/plugins/fr.ac6.mcu.externaltools.arm-none.win32_1.17.0.201812190825/tools/compiler/bin/../lib/gcc/arm-none-eabi/7.3.1/../../../../arm-none-eabi/lib/thumb/v6-m\libc_nano.a
END GROUP
START GROUP
LOAD d:/systemworkbench/plugins/fr.ac6.mcu.externaltools.arm-none.win32_1.17.0.201812190825/tools/compiler/bin/../lib/gcc/arm-none-eabi/7.3.1/thumb/v6-m\libgcc.a
LOAD d:/systemworkbench/plugins/fr.ac6.mcu.externaltools.arm-none.win32_1.17.0.201812190825/tools/compiler/bin/../lib/gcc/arm-none-eabi/7.3.1/../../../../arm-none-eabi/lib/thumb/v6-m\libc_nano.a
LOAD d:/systemworkbench/plugins/fr.ac6.mcu.externaltools.arm-none.win32_1.17.0.201812190825/tools/compiler/bin/../lib/gcc/arm-none-eabi/7.3.1/../../../../arm-none-eabi/lib/thumb/v6-m\libnosys.a
END GROUP
START GROUP
LOAD d:/systemworkbench/plugins/fr.ac6.mcu.externaltools.arm-none.win32_1.17.0.201812190825/tools/compiler/bin/../lib/gcc/arm-none-eabi/7.3.1/thumb/v6-m\libgcc.a
LOAD d:/systemworkbench/plugins/fr.ac6.mcu.externaltools.arm-none.win32_1.17.0.201812190825/tools/compiler/bin/../lib/gcc/arm-none-eabi/7.3.1/../../../../arm-none-eabi/lib/thumb/v6-m\libc_nano.a
LOAD d:/systemworkbench/plugins/fr.ac6.mcu.externaltools.arm-none.win32_1.17.0.201812190825/tools/compiler/bin/../lib/gcc/arm-none-eabi/7.3.1/../../../../arm-none-eabi/lib/thumb/v6-m\libnosys.a
END GROUP
LOAD d:/systemworkbench/plugins/fr.ac6.mcu.externaltools.arm-none.win32_1.17.0.201812190825/tools/compiler/bin/../lib/gcc/arm-none-eabi/7.3.1/thumb/v6-m/crtend.o
LOAD d:/systemworkbench/plugins/fr.ac6.mcu.externaltools.arm-none.win32_1.17.0.201812190825/tools/compiler/bin/../lib/gcc/arm-none-eabi/7.3.1/thumb/v6-m/crtn.o
                0x20002000                _estack = 0x20002000
                0x00000200                _Min_Heap_Size = 0x200
                0x00000400                _Min_Stack_Size = 0x400

.isr_vector     0x08000000       0xc0
                0x08000000                . = ALIGN (0x4)
 *(.isr_vector)
 .isr_vector    0x08000000       0xc0 startup/startup_stm32l053xx.o
                0x08000000                g_pfnVectors
                0x080000c0                . = ALIGN (0x4)

.text           0x080000c0      0x8fc
                0x080000c0                . = ALIGN (0x4)
 *(.text)
 .text          0x080000c0       0x48 d:/systemworkbench/plugins/fr.ac6.mcu.externaltools.arm-none.win32_1.17.0.201812190825/tools/compiler/bin/../lib/gcc/arm-none-eabi/7.3.1/thumb/v6-m/crtbegin.o
 .text          0x08000108        0x8 Src/nano_wait.o
                0x08000108                nano_wait
                0x0800010e                wait_for_interrupt
 *(.text*)
 .text.HAL_IncTick
                0x08000110       0x10 Drivers/STM32L0xx_HAL_Driver/Src/stm32l0xx_hal.o
                0x08000110                HAL_IncTick
 .text.enable_frequency_sampler
                0x08000120       0x48 Src/main.o
                0x08000120                enable_frequency_sampler
 .text.check_stall
                0x08000168       0x54 Src/main.o
                0x08000168                check_stall
 .text.start_encoder
                0x080001bc       0xa8 Src/main.o
                0x080001bc                start_encoder
 .text.motor_driver_encoder
                0x08000264      0x168 Src/main.o
                0x08000264                motor_driver_encoder
 .text.tighten  0x080003cc       0x28 Src/main.o
                0x080003cc                tighten
 .text.test_comparator
                0x080003f4      0x16c Src/main.o
                0x080003f4                test_comparator
 .text.main     0x08000560       0x10 Src/main.o
                0x08000560                main
 .text.NMI_Handler
                0x08000570        0x2 Src/stm32l0xx_it.o
                0x08000570                NMI_Handler
 .text.HardFault_Handler
                0x08000572        0x2 Src/stm32l0xx_it.o
                0x08000572                HardFault_Handler
 .text.SVC_Handler
                0x08000574        0x2 Src/stm32l0xx_it.o
                0x08000574                SVC_Handler
 .text.PendSV_Handler
                0x08000576        0x2 Src/stm32l0xx_it.o
                0x08000576                PendSV_Handler
 .text.SysTick_Handler
                0x08000578        0x8 Src/stm32l0xx_it.o
                0x08000578                SysTick_Handler
 .text.ADC1_COMP_IRQHandler
                0x08000580       0xe0 Src/stm32l0xx_it.o
                0x08000580                ADC1_COMP_IRQHandler
 .text.TIM6_DAC_IRQHandler
                0x08000660      0x100 Src/stm32l0xx_it.o
                0x08000660                TIM6_DAC_IRQHandler
 .text.USART1_IRQHandler
                0x08000760        0x2 Src/stm32l0xx_it.o
                0x08000760                USART1_IRQHandler
 *fill*         0x08000762        0x2 
 .text.EXTI4_15_IRQHandler
                0x08000764      0x144 Src/stm32l0xx_it.o
                0x08000764                EXTI4_15_IRQHandler
 .text.EXTI2_3_IRQHandler
                0x080008a8        0x2 Src/stm32l0xx_it.o
                0x080008a8                EXTI2_3_IRQHandler
 .text.EXTI0_1_IRQHandler
                0x080008aa        0x2 Src/stm32l0xx_it.o
                0x080008aa                EXTI0_1_IRQHandler
 .text.SystemInit
                0x080008ac       0x5c Src/system_stm32l0xx.o
                0x080008ac                SystemInit
 .text.Reset_Handler
                0x08000908       0x50 startup/startup_stm32l053xx.o
                0x08000908                Reset_Handler
 .text.Default_Handler
                0x08000958        0x2 startup/startup_stm32l053xx.o
                0x08000958                TSC_IRQHandler
                0x08000958                PVD_IRQHandler
                0x08000958                I2C1_IRQHandler
                0x08000958                RCC_CRS_IRQHandler
                0x08000958                SPI1_IRQHandler
                0x08000958                I2C2_IRQHandler
                0x08000958                RTC_IRQHandler
                0x08000958                LCD_IRQHandler
                0x08000958                DMA1_Channel4_5_6_7_IRQHandler
                0x08000958                DMA1_Channel1_IRQHandler
                0x08000958                Default_Handler
                0x08000958                TIM22_IRQHandler
                0x08000958                USB_IRQHandler
                0x08000958                SPI2_IRQHandler
                0x08000958                TIM21_IRQHandler
                0x08000958                WWDG_IRQHandler
                0x08000958                TIM2_IRQHandler
                0x08000958                DMA1_Channel2_3_IRQHandler
                0x08000958                USART2_IRQHandler
                0x08000958                FLASH_IRQHandler
                0x08000958                RNG_LPUART1_IRQHandler
                0x08000958                LPTIM1_IRQHandler
 *fill*         0x0800095a        0x2 
 .text.__libc_init_array
                0x0800095c       0x48 d:/systemworkbench/plugins/fr.ac6.mcu.externaltools.arm-none.win32_1.17.0.201812190825/tools/compiler/bin/../lib/gcc/arm-none-eabi/7.3.1/../../../../arm-none-eabi/lib/thumb/v6-m\libc_nano.a(lib_a-init.o)
                0x0800095c                __libc_init_array
 *(.glue_7)
 .glue_7        0x080009a4        0x0 linker stubs
 *(.glue_7t)
 .glue_7t       0x080009a4        0x0 linker stubs
 *(.eh_frame)
 .eh_frame      0x080009a4        0x0 d:/systemworkbench/plugins/fr.ac6.mcu.externaltools.arm-none.win32_1.17.0.201812190825/tools/compiler/bin/../lib/gcc/arm-none-eabi/7.3.1/thumb/v6-m/crtbegin.o
 *(.init)
 .init          0x080009a4        0x4 d:/systemworkbench/plugins/fr.ac6.mcu.externaltools.arm-none.win32_1.17.0.201812190825/tools/compiler/bin/../lib/gcc/arm-none-eabi/7.3.1/thumb/v6-m/crti.o
                0x080009a4                _init
 .init          0x080009a8        0x8 d:/systemworkbench/plugins/fr.ac6.mcu.externaltools.arm-none.win32_1.17.0.201812190825/tools/compiler/bin/../lib/gcc/arm-none-eabi/7.3.1/thumb/v6-m/crtn.o
 *(.fini)
 .fini          0x080009b0        0x4 d:/systemworkbench/plugins/fr.ac6.mcu.externaltools.arm-none.win32_1.17.0.201812190825/tools/compiler/bin/../lib/gcc/arm-none-eabi/7.3.1/thumb/v6-m/crti.o
                0x080009b0                _fini
 .fini          0x080009b4        0x8 d:/systemworkbench/plugins/fr.ac6.mcu.externaltools.arm-none.win32_1.17.0.201812190825/tools/compiler/bin/../lib/gcc/arm-none-eabi/7.3.1/thumb/v6-m/crtn.o
                0x080009bc                . = ALIGN (0x4)
                0x080009bc                _etext = .

.vfp11_veneer   0x080009bc        0x0
 .vfp11_veneer  0x080009bc        0x0 linker stubs

.v4_bx          0x080009bc        0x0
 .v4_bx         0x080009bc        0x0 linker stubs

.iplt           0x080009bc        0x0
 .iplt          0x080009bc        0x0 d:/systemworkbench/plugins/fr.ac6.mcu.externaltools.arm-none.win32_1.17.0.201812190825/tools/compiler/bin/../lib/gcc/arm-none-eabi/7.3.1/thumb/v6-m/crtbegin.o

.rel.dyn        0x080009bc        0x0
 .rel.iplt      0x080009bc        0x0 d:/systemworkbench/plugins/fr.ac6.mcu.externaltools.arm-none.win32_1.17.0.201812190825/tools/compiler/bin/../lib/gcc/arm-none-eabi/7.3.1/thumb/v6-m/crtbegin.o

.rodata         0x080009bc        0x0
                0x080009bc                . = ALIGN (0x4)
 *(.rodata)
 *(.rodata*)
                0x080009bc                . = ALIGN (0x4)

.ARM.extab
 *(.ARM.extab* .gnu.linkonce.armextab.*)

.ARM            0x080009bc        0x0
                0x080009bc                __exidx_start = .
 *(.ARM.exidx*)
                0x080009bc                __exidx_end = .

.preinit_array  0x080009bc        0x0
                0x080009bc                PROVIDE (__preinit_array_start = .)
 *(.preinit_array*)
                0x080009bc                PROVIDE (__preinit_array_end = .)

.init_array     0x080009bc        0x4
                0x080009bc                PROVIDE (__init_array_start = .)
 *(SORT_BY_NAME(.init_array.*))
 *(.init_array*)
 .init_array    0x080009bc        0x4 d:/systemworkbench/plugins/fr.ac6.mcu.externaltools.arm-none.win32_1.17.0.201812190825/tools/compiler/bin/../lib/gcc/arm-none-eabi/7.3.1/thumb/v6-m/crtbegin.o
                0x080009c0                PROVIDE (__init_array_end = .)

.fini_array     0x080009c0        0x4
                [!provide]                PROVIDE (__fini_array_start = .)
 *(SORT_BY_NAME(.fini_array.*))
 *(.fini_array*)
 .fini_array    0x080009c0        0x4 d:/systemworkbench/plugins/fr.ac6.mcu.externaltools.arm-none.win32_1.17.0.201812190825/tools/compiler/bin/../lib/gcc/arm-none-eabi/7.3.1/thumb/v6-m/crtbegin.o
                [!provide]                PROVIDE (__fini_array_end = .)
                0x080009c4                _sidata = LOADADDR (.data)

.data           0x20000000        0x4 load address 0x080009c4
                0x20000000                . = ALIGN (0x4)
                0x20000000                _sdata = .
 *(.data)
 .data          0x20000000        0x4 Src/stm32l0xx_it.o
                0x20000000                comp_rising
 *(.data*)
                0x20000004                . = ALIGN (0x4)
                0x20000004                _edata = .

.igot.plt       0x20000004        0x0 load address 0x080009c8
 .igot.plt      0x20000004        0x0 d:/systemworkbench/plugins/fr.ac6.mcu.externaltools.arm-none.win32_1.17.0.201812190825/tools/compiler/bin/../lib/gcc/arm-none-eabi/7.3.1/thumb/v6-m/crtbegin.o
                0x20000004                . = ALIGN (0x4)

.bss            0x20000004       0x58 load address 0x080009c8
                0x20000004                _sbss = .
                0x20000004                __bss_start__ = _sbss
 *(.bss)
 .bss           0x20000004       0x1c d:/systemworkbench/plugins/fr.ac6.mcu.externaltools.arm-none.win32_1.17.0.201812190825/tools/compiler/bin/../lib/gcc/arm-none-eabi/7.3.1/thumb/v6-m/crtbegin.o
 .bss           0x20000020       0x24 Src/main.o
                0x20000020                battery_ticks
                0x20000024                step_count
                0x20000028                flag_sync
                0x2000002c                flag_tighten
                0x20000030                state
                0x20000034                motor_frequency
                0x20000038                motor_up
                0x2000003c                stalled
                0x20000040                flag_untighten
 .bss           0x20000044       0x14 Src/stm32l0xx_it.o
                0x20000044                steps
                0x20000048                tim6_sel
                0x2000004c                tim6_update_count
                0x20000050                debounce_int
                0x20000054                debounce_count
 *(.bss*)
 *(COMMON)
 COMMON         0x20000058        0x4 Drivers/STM32L0xx_HAL_Driver/Src/stm32l0xx_hal.o
                0x20000058                uwTick
                0x2000005c                . = ALIGN (0x4)
                0x2000005c                _ebss = .
                0x2000005c                __bss_end__ = _ebss

._user_heap_stack
                0x2000005c      0x604 load address 0x080009c8
                0x20000060                . = ALIGN (0x8)
 *fill*         0x2000005c        0x4 
                0x20000060                PROVIDE (end = .)
                [!provide]                PROVIDE (_end = .)
                0x20000260                . = (. + _Min_Heap_Size)
 *fill*         0x20000060      0x200 
                0x20000660                . = (. + _Min_Stack_Size)
 *fill*         0x20000260      0x400 
                0x20000660                . = ALIGN (0x8)

/DISCARD/
 libc.a(*)
 libm.a(*)
 libgcc.a(*)

.ARM.attributes
                0x00000000       0x28
 *(.ARM.attributes)
 .ARM.attributes
                0x00000000       0x1e d:/systemworkbench/plugins/fr.ac6.mcu.externaltools.arm-none.win32_1.17.0.201812190825/tools/compiler/bin/../lib/gcc/arm-none-eabi/7.3.1/thumb/v6-m/crti.o
 .ARM.attributes
                0x0000001e       0x2c d:/systemworkbench/plugins/fr.ac6.mcu.externaltools.arm-none.win32_1.17.0.201812190825/tools/compiler/bin/../lib/gcc/arm-none-eabi/7.3.1/thumb/v6-m/crtbegin.o
 .ARM.attributes
                0x0000004a       0x32 Drivers/STM32L0xx_HAL_Driver/Src/stm32l0xx_hal.o
 .ARM.attributes
                0x0000007c       0x32 Src/main.o
 .ARM.attributes
                0x000000ae       0x21 Src/nano_wait.o
 .ARM.attributes
                0x000000cf       0x32 Src/stm32l0xx_it.o
 .ARM.attributes
                0x00000101       0x32 Src/system_stm32l0xx.o
 .ARM.attributes
                0x00000133       0x22 startup/startup_stm32l053xx.o
 .ARM.attributes
                0x00000155       0x2c d:/systemworkbench/plugins/fr.ac6.mcu.externaltools.arm-none.win32_1.17.0.201812190825/tools/compiler/bin/../lib/gcc/arm-none-eabi/7.3.1/../../../../arm-none-eabi/lib/thumb/v6-m\libc_nano.a(lib_a-init.o)
 .ARM.attributes
                0x00000181       0x1e d:/systemworkbench/plugins/fr.ac6.mcu.externaltools.arm-none.win32_1.17.0.201812190825/tools/compiler/bin/../lib/gcc/arm-none-eabi/7.3.1/thumb/v6-m/crtn.o
OUTPUT(TEST_L0_LL_NOMAIN.elf elf32-littlearm)

.debug_info     0x00000000     0x2ab5
 .debug_info    0x00000000      0x826 Drivers/STM32L0xx_HAL_Driver/Src/stm32l0xx_hal.o
 .debug_info    0x00000826     0x1846 Src/main.o
 .debug_info    0x0000206c       0x26 Src/nano_wait.o
 .debug_info    0x00002092      0x66c Src/stm32l0xx_it.o
 .debug_info    0x000026fe      0x395 Src/system_stm32l0xx.o
 .debug_info    0x00002a93       0x22 startup/startup_stm32l053xx.o

.debug_abbrev   0x00000000      0x90f
 .debug_abbrev  0x00000000      0x236 Drivers/STM32L0xx_HAL_Driver/Src/stm32l0xx_hal.o
 .debug_abbrev  0x00000236      0x3a3 Src/main.o
 .debug_abbrev  0x000005d9       0x14 Src/nano_wait.o
 .debug_abbrev  0x000005ed      0x1ff Src/stm32l0xx_it.o
 .debug_abbrev  0x000007ec      0x111 Src/system_stm32l0xx.o
 .debug_abbrev  0x000008fd       0x12 startup/startup_stm32l053xx.o

.debug_loc      0x00000000      0x615
 .debug_loc     0x00000000      0x12c Drivers/STM32L0xx_HAL_Driver/Src/stm32l0xx_hal.o
 .debug_loc     0x0000012c      0x28d Src/main.o
 .debug_loc     0x000003b9       0xba Src/stm32l0xx_it.o
 .debug_loc     0x00000473      0x1a2 Src/system_stm32l0xx.o

.debug_aranges  0x00000000      0x288
 .debug_aranges
                0x00000000       0xf8 Drivers/STM32L0xx_HAL_Driver/Src/stm32l0xx_hal.o
 .debug_aranges
                0x000000f8       0xb0 Src/main.o
 .debug_aranges
                0x000001a8       0x20 Src/nano_wait.o
 .debug_aranges
                0x000001c8       0x70 Src/stm32l0xx_it.o
 .debug_aranges
                0x00000238       0x28 Src/system_stm32l0xx.o
 .debug_aranges
                0x00000260       0x28 startup/startup_stm32l053xx.o

.debug_ranges   0x00000000      0x2c8
 .debug_ranges  0x00000000       0xe8 Drivers/STM32L0xx_HAL_Driver/Src/stm32l0xx_hal.o
 .debug_ranges  0x000000e8       0xe8 Src/main.o
 .debug_ranges  0x000001d0       0xc0 Src/stm32l0xx_it.o
 .debug_ranges  0x00000290       0x18 Src/system_stm32l0xx.o
 .debug_ranges  0x000002a8       0x20 startup/startup_stm32l053xx.o

.debug_macro    0x00000000    0x14494
 .debug_macro   0x00000000      0x1e2 Drivers/STM32L0xx_HAL_Driver/Src/stm32l0xx_hal.o
 .debug_macro   0x000001e2      0xa48 Drivers/STM32L0xx_HAL_Driver/Src/stm32l0xx_hal.o
 .debug_macro   0x00000c2a       0xa1 Drivers/STM32L0xx_HAL_Driver/Src/stm32l0xx_hal.o
 .debug_macro   0x00000ccb       0x2e Drivers/STM32L0xx_HAL_Driver/Src/stm32l0xx_hal.o
 .debug_macro   0x00000cf9       0x28 Drivers/STM32L0xx_HAL_Driver/Src/stm32l0xx_hal.o
 .debug_macro   0x00000d21       0x22 Drivers/STM32L0xx_HAL_Driver/Src/stm32l0xx_hal.o
 .debug_macro   0x00000d43       0x8e Drivers/STM32L0xx_HAL_Driver/Src/stm32l0xx_hal.o
 .debug_macro   0x00000dd1       0x51 Drivers/STM32L0xx_HAL_Driver/Src/stm32l0xx_hal.o
 .debug_macro   0x00000e22       0xef Drivers/STM32L0xx_HAL_Driver/Src/stm32l0xx_hal.o
 .debug_macro   0x00000f11       0x6a Drivers/STM32L0xx_HAL_Driver/Src/stm32l0xx_hal.o
 .debug_macro   0x00000f7b      0x1df Drivers/STM32L0xx_HAL_Driver/Src/stm32l0xx_hal.o
 .debug_macro   0x0000115a       0x34 Drivers/STM32L0xx_HAL_Driver/Src/stm32l0xx_hal.o
 .debug_macro   0x0000118e       0x26 Drivers/STM32L0xx_HAL_Driver/Src/stm32l0xx_hal.o
 .debug_macro   0x000011b4      0x44f Drivers/STM32L0xx_HAL_Driver/Src/stm32l0xx_hal.o
 .debug_macro   0x00001603     0x9d0d Drivers/STM32L0xx_HAL_Driver/Src/stm32l0xx_hal.o
 .debug_macro   0x0000b310       0x3c Drivers/STM32L0xx_HAL_Driver/Src/stm32l0xx_hal.o
 .debug_macro   0x0000b34c     0x352c Drivers/STM32L0xx_HAL_Driver/Src/stm32l0xx_hal.o
 .debug_macro   0x0000e878      0x174 Drivers/STM32L0xx_HAL_Driver/Src/stm32l0xx_hal.o
 .debug_macro   0x0000e9ec       0x5b Drivers/STM32L0xx_HAL_Driver/Src/stm32l0xx_hal.o
 .debug_macro   0x0000ea47      0x8d6 Drivers/STM32L0xx_HAL_Driver/Src/stm32l0xx_hal.o
 .debug_macro   0x0000f31d      0x9d2 Drivers/STM32L0xx_HAL_Driver/Src/stm32l0xx_hal.o
 .debug_macro   0x0000fcef      0x13f Drivers/STM32L0xx_HAL_Driver/Src/stm32l0xx_hal.o
 .debug_macro   0x0000fe2e      0x17d Drivers/STM32L0xx_HAL_Driver/Src/stm32l0xx_hal.o
 .debug_macro   0x0000ffab      0x28e Drivers/STM32L0xx_HAL_Driver/Src/stm32l0xx_hal.o
 .debug_macro   0x00010239      0x1e9 Drivers/STM32L0xx_HAL_Driver/Src/stm32l0xx_hal.o
 .debug_macro   0x00010422      0x129 Drivers/STM32L0xx_HAL_Driver/Src/stm32l0xx_hal.o
 .debug_macro   0x0001054b      0x2b4 Drivers/STM32L0xx_HAL_Driver/Src/stm32l0xx_hal.o
 .debug_macro   0x000107ff      0x22c Drivers/STM32L0xx_HAL_Driver/Src/stm32l0xx_hal.o
 .debug_macro   0x00010a2b       0x5b Drivers/STM32L0xx_HAL_Driver/Src/stm32l0xx_hal.o
 .debug_macro   0x00010a86       0xa5 Drivers/STM32L0xx_HAL_Driver/Src/stm32l0xx_hal.o
 .debug_macro   0x00010b2b      0x187 Drivers/STM32L0xx_HAL_Driver/Src/stm32l0xx_hal.o
 .debug_macro   0x00010cb2       0x16 Drivers/STM32L0xx_HAL_Driver/Src/stm32l0xx_hal.o
 .debug_macro   0x00010cc8      0x3d0 Drivers/STM32L0xx_HAL_Driver/Src/stm32l0xx_hal.o
 .debug_macro   0x00011098       0x57 Drivers/STM32L0xx_HAL_Driver/Src/stm32l0xx_hal.o
 .debug_macro   0x000110ef      0x25e Drivers/STM32L0xx_HAL_Driver/Src/stm32l0xx_hal.o
 .debug_macro   0x0001134d      0x163 Drivers/STM32L0xx_HAL_Driver/Src/stm32l0xx_hal.o
 .debug_macro   0x000114b0      0x3c2 Src/main.o
 .debug_macro   0x00011872      0x6f6 Src/main.o
 .debug_macro   0x00011f68      0x246 Src/main.o
 .debug_macro   0x000121ae       0xe4 Src/main.o
 .debug_macro   0x00012292      0x109 Src/main.o
 .debug_macro   0x0001239b      0x18a Src/main.o
 .debug_macro   0x00012525      0x303 Src/main.o
 .debug_macro   0x00012828      0x23c Src/main.o
 .debug_macro   0x00012a64      0x5ae Src/main.o
 .debug_macro   0x00013012      0x2f7 Src/main.o
 .debug_macro   0x00013309      0x12d Src/main.o
 .debug_macro   0x00013436      0x1a7 Src/main.o
 .debug_macro   0x000135dd       0x5e Src/main.o
 .debug_macro   0x0001363b       0x18 Src/main.o
 .debug_macro   0x00013653       0x35 Src/main.o
 .debug_macro   0x00013688       0x34 Src/main.o
 .debug_macro   0x000136bc       0x16 Src/main.o
 .debug_macro   0x000136d2       0x35 Src/main.o
 .debug_macro   0x00013707      0x330 Src/main.o
 .debug_macro   0x00013a37       0x10 Src/main.o
 .debug_macro   0x00013a47       0x58 Src/main.o
 .debug_macro   0x00013a9f       0x1f Src/main.o
 .debug_macro   0x00013abe       0x43 Src/main.o
 .debug_macro   0x00013b01       0x20 Src/main.o
 .debug_macro   0x00013b21      0x18e Src/main.o
 .debug_macro   0x00013caf       0x10 Src/main.o
 .debug_macro   0x00013cbf       0x1c Src/main.o
 .debug_macro   0x00013cdb       0x52 Src/main.o
 .debug_macro   0x00013d2d       0x40 Src/main.o
 .debug_macro   0x00013d6d       0x10 Src/main.o
 .debug_macro   0x00013d7d       0x40 Src/main.o
 .debug_macro   0x00013dbd       0xd7 Src/main.o
 .debug_macro   0x00013e94       0x1c Src/main.o
 .debug_macro   0x00013eb0       0x3d Src/main.o
 .debug_macro   0x00013eed       0x16 Src/main.o
 .debug_macro   0x00013f03      0x16f Src/main.o
 .debug_macro   0x00014072      0x25e Src/stm32l0xx_it.o
 .debug_macro   0x000142d0      0x1c4 Src/system_stm32l0xx.o

.debug_line     0x00000000     0x2831
 .debug_line    0x00000000      0x926 Drivers/STM32L0xx_HAL_Driver/Src/stm32l0xx_hal.o
 .debug_line    0x00000926      0xd1a Src/main.o
 .debug_line    0x00001640       0x43 Src/nano_wait.o
 .debug_line    0x00001683      0x9e9 Src/stm32l0xx_it.o
 .debug_line    0x0000206c      0x742 Src/system_stm32l0xx.o
 .debug_line    0x000027ae       0x83 startup/startup_stm32l053xx.o

.debug_str      0x00000000    0x861d8
 .debug_str     0x00000000    0x709fe Drivers/STM32L0xx_HAL_Driver/Src/stm32l0xx_hal.o
                              0x714cf (size before relaxing)
 .debug_str     0x000709fe    0x15620 Src/main.o
                              0x866df (size before relaxing)
 .debug_str     0x0008601e       0x21 Src/nano_wait.o
                                 0x65 (size before relaxing)
 .debug_str     0x0008603f      0x106 Src/stm32l0xx_it.o
                              0x82535 (size before relaxing)
 .debug_str     0x00086145       0x72 Src/system_stm32l0xx.o
                              0x70ea3 (size before relaxing)
 .debug_str     0x000861b7       0x21 startup/startup_stm32l053xx.o
                                 0x73 (size before relaxing)

.comment        0x00000000       0x7f
 .comment       0x00000000       0x7f Drivers/STM32L0xx_HAL_Driver/Src/stm32l0xx_hal.o
                                 0x80 (size before relaxing)
 .comment       0x0000007f       0x80 Src/main.o
 .comment       0x0000007f       0x80 Src/stm32l0xx_it.o
 .comment       0x0000007f       0x80 Src/system_stm32l0xx.o

.debug_frame    0x00000000      0x518
 .debug_frame   0x00000000      0x1f4 Drivers/STM32L0xx_HAL_Driver/Src/stm32l0xx_hal.o
 .debug_frame   0x000001f4      0x1d8 Src/main.o
 .debug_frame   0x000003cc       0xe8 Src/stm32l0xx_it.o
 .debug_frame   0x000004b4       0x38 Src/system_stm32l0xx.o
 .debug_frame   0x000004ec       0x2c d:/systemworkbench/plugins/fr.ac6.mcu.externaltools.arm-none.win32_1.17.0.201812190825/tools/compiler/bin/../lib/gcc/arm-none-eabi/7.3.1/../../../../arm-none-eabi/lib/thumb/v6-m\libc_nano.a(lib_a-init.o)
